 Container openarm-g0-b-migration-run-58326ff11f60 Creating 
 Container openarm-g0-b-migration-run-58326ff11f60 Created 
WARNING: The directory '/.cache/pip' or its parent directory is not owned or is not writable by the current user. The cache has been disabled. Check the permissions and owner of that directory. If executing pip with sudo, you should use sudo's -H flag.
Looking in indexes: https://pypi.org/simple, https://download.pytorch.org/whl/cpu
Collecting lerobot==0.6.1 (from lerobot[dataset]==0.6.1)
  Downloading lerobot-0.6.1-py3-none-any.whl.metadata (28 kB)
Collecting torch<2.12.0,>=2.7 (from lerobot==0.6.1->lerobot[dataset]==0.6.1)
  Downloading https://download-r2.pytorch.org/whl/cpu/torch-2.11.0%2Bcpu-cp312-cp312-manylinux_2_28_x86_64.whl.metadata (29 kB)
Collecting torchvision<0.27.0,>=0.22.0 (from lerobot==0.6.1->lerobot[dataset]==0.6.1)
  Downloading https://download-r2.pytorch.org/whl/cpu/torchvision-0.26.0%2Bcpu-cp312-cp312-manylinux_2_28_x86_64.whl.metadata (5.5 kB)
Collecting numpy<2.3.0,>=2.0.0 (from lerobot==0.6.1->lerobot[dataset]==0.6.1)
  Downloading numpy-2.2.6-cp312-cp312-manylinux_2_17_x86_64.manylinux2014_x86_64.whl.metadata (62 kB)
Collecting opencv-python-headless<4.14.0,>=4.9.0 (from lerobot==0.6.1->lerobot[dataset]==0.6.1)
  Downloading opencv_python_headless-4.13.0.92-cp37-abi3-manylinux_2_28_x86_64.whl.metadata (19 kB)
Collecting Pillow<13.0.0,>=10.0.0 (from lerobot==0.6.1->lerobot[dataset]==0.6.1)
  Downloading pillow-12.3.0-cp312-cp312-manylinux_2_27_x86_64.manylinux_2_28_x86_64.whl.metadata (9.1 kB)
Collecting einops<0.9.0,>=0.8.0 (from lerobot==0.6.1->lerobot[dataset]==0.6.1)
  Downloading einops-0.8.2-py3-none-any.whl.metadata (13 kB)
Collecting draccus<0.12.0,>=0.11.6 (from lerobot==0.6.1->lerobot[dataset]==0.6.1)
  Downloading draccus-0.11.6-py3-none-any.whl.metadata (22 kB)
Collecting huggingface-hub<2.0.0,>=1.6.0 (from lerobot==0.6.1->lerobot[dataset]==0.6.1)
  Downloading huggingface_hub-1.32.0-py3-none-any.whl.metadata (16 kB)
Collecting requests<3.0.0,>=2.32.0 (from lerobot==0.6.1->lerobot[dataset]==0.6.1)
  Downloading requests-2.34.2-py3-none-any.whl.metadata (4.8 kB)
Collecting gymnasium<2.0.0,>=1.1.1 (from lerobot==0.6.1->lerobot[dataset]==0.6.1)
  Downloading gymnasium-1.3.0-py3-none-any.whl.metadata (10 kB)
Collecting safetensors<1.0.0,>=0.4.3 (from lerobot==0.6.1->lerobot[dataset]==0.6.1)
  Downloading safetensors-0.8.0-cp310-abi3-manylinux_2_17_x86_64.manylinux2014_x86_64.whl.metadata (4.2 kB)
Collecting packaging<26.0,>=24.2 (from lerobot==0.6.1->lerobot[dataset]==0.6.1)
  Downloading packaging-25.0-py3-none-any.whl.metadata (3.3 kB)
Collecting termcolor<4.0.0,>=2.4.0 (from lerobot==0.6.1->lerobot[dataset]==0.6.1)
  Downloading termcolor-3.3.0-py3-none-any.whl.metadata (6.5 kB)
Collecting tqdm<5.0.0,>=4.66.0 (from lerobot==0.6.1->lerobot[dataset]==0.6.1)
  Downloading tqdm-4.70.1-py3-none-any.whl.metadata (57 kB)
Collecting cmake<4.2.0,>=3.29.0.1 (from lerobot==0.6.1->lerobot[dataset]==0.6.1)
  Downloading cmake-4.1.3-py3-none-manylinux2014_x86_64.manylinux_2_17_x86_64.whl.metadata (6.5 kB)
Collecting setuptools<82.0.0,>=71.0.0 (from lerobot==0.6.1->lerobot[dataset]==0.6.1)
  Downloading setuptools-81.0.0-py3-none-any.whl.metadata (6.6 kB)
Collecting datasets<5.0.0,>=4.8.0 (from lerobot[dataset]==0.6.1)
  Downloading datasets-4.8.5-py3-none-any.whl.metadata (19 kB)
Collecting pandas<3.0.0,>=2.0.0 (from lerobot[dataset]==0.6.1)
  Downloading pandas-2.3.3-cp312-cp312-manylinux_2_24_x86_64.manylinux_2_28_x86_64.whl.metadata (91 kB)
Collecting pyarrow<30.0.0,>=21.0.0 (from lerobot[dataset]==0.6.1)
  Downloading pyarrow-25.0.1-cp312-cp312-manylinux_2_28_x86_64.whl.metadata (3.0 kB)
Collecting torchcodec<0.12.0,>=0.3.0 (from lerobot[dataset]==0.6.1)
  Downloading https://download.pytorch.org/whl/cpu/torchcodec-0.11.1%2Bcpu-cp312-cp312-manylinux_2_28_x86_64.whl.metadata (11 kB)
Collecting jsonlines<5.0.0,>=4.0.0 (from lerobot[dataset]==0.6.1)
  Downloading jsonlines-4.0.0-py3-none-any.whl.metadata (1.6 kB)
Collecting filelock (from datasets<5.0.0,>=4.8.0->lerobot[dataset]==0.6.1)
  Downloading filelock-4.0.1-py3-none-any.whl.metadata (2.0 kB)
Collecting dill<0.4.2,>=0.3.0 (from datasets<5.0.0,>=4.8.0->lerobot[dataset]==0.6.1)
  Downloading dill-0.4.1-py3-none-any.whl.metadata (10 kB)
Collecting httpx<1.0.0 (from datasets<5.0.0,>=4.8.0->lerobot[dataset]==0.6.1)
  Downloading httpx-0.28.1-py3-none-any.whl.metadata (7.1 kB)
Collecting xxhash (from datasets<5.0.0,>=4.8.0->lerobot[dataset]==0.6.1)
  Downloading xxhash-4.0.1-cp312-cp312-manylinux2014_x86_64.manylinux_2_17_x86_64.manylinux_2_28_x86_64.whl.metadata (17 kB)
Collecting multiprocess<0.70.20 (from datasets<5.0.0,>=4.8.0->lerobot[dataset]==0.6.1)
  Downloading multiprocess-0.70.19-py312-none-any.whl.metadata (7.5 kB)
Collecting fsspec<=2026.2.0,>=2023.1.0 (from fsspec[http]<=2026.2.0,>=2023.1.0->datasets<5.0.0,>=4.8.0->lerobot[dataset]==0.6.1)
  Downloading fsspec-2026.2.0-py3-none-any.whl.metadata (10 kB)
Collecting pyyaml>=5.1 (from datasets<5.0.0,>=4.8.0->lerobot[dataset]==0.6.1)
  Downloading pyyaml-6.0.3-cp312-cp312-manylinux2014_x86_64.manylinux_2_17_x86_64.manylinux_2_28_x86_64.whl.metadata (2.4 kB)
Collecting mergedeep~=1.3 (from draccus<0.12.0,>=0.11.6->lerobot==0.6.1->lerobot[dataset]==0.6.1)
  Downloading mergedeep-1.3.4-py3-none-any.whl.metadata (4.3 kB)
Collecting toml~=0.10 (from draccus<0.12.0,>=0.11.6->lerobot==0.6.1->lerobot[dataset]==0.6.1)
  Downloading toml-0.10.2-py2.py3-none-any.whl.metadata (7.1 kB)
Collecting typing-inspect~=0.9.0 (from draccus<0.12.0,>=0.11.6->lerobot==0.6.1->lerobot[dataset]==0.6.1)
  Downloading https://download.pytorch.org/whl/typing_inspect-0.9.0-py3-none-any.whl (8.8 kB)
Collecting cloudpickle>=1.2.0 (from gymnasium<2.0.0,>=1.1.1->lerobot==0.6.1->lerobot[dataset]==0.6.1)
  Downloading cloudpickle-3.1.2-py3-none-any.whl.metadata (7.1 kB)
Collecting typing-extensions>=4.3.0 (from gymnasium<2.0.0,>=1.1.1->lerobot==0.6.1->lerobot[dataset]==0.6.1)
  Downloading typing_extensions-4.16.0-py3-none-any.whl.metadata (3.3 kB)
Collecting farama-notifications>=0.0.1 (from gymnasium<2.0.0,>=1.1.1->lerobot==0.6.1->lerobot[dataset]==0.6.1)
  Downloading farama_notifications-0.0.6-py3-none-any.whl.metadata (729 bytes)
Collecting click<9.0.0,>=8.4.2 (from huggingface-hub<2.0.0,>=1.6.0->lerobot==0.6.1->lerobot[dataset]==0.6.1)
  Downloading click-8.5.0-py3-none-any.whl.metadata (2.6 kB)
Collecting hf-xet<2.0.0,>=1.5.2 (from huggingface-hub<2.0.0,>=1.6.0->lerobot==0.6.1->lerobot[dataset]==0.6.1)
  Downloading hf_xet-1.6.0-cp38-abi3-manylinux2014_x86_64.manylinux_2_17_x86_64.whl.metadata (4.9 kB)
Collecting attrs>=19.2.0 (from jsonlines<5.0.0,>=4.0.0->lerobot[dataset]==0.6.1)
  Downloading attrs-26.1.0-py3-none-any.whl.metadata (8.8 kB)
Collecting python-dateutil>=2.8.2 (from pandas<3.0.0,>=2.0.0->lerobot[dataset]==0.6.1)
  Downloading python_dateutil-2.9.0.post0-py2.py3-none-any.whl.metadata (8.4 kB)
Collecting pytz>=2020.1 (from pandas<3.0.0,>=2.0.0->lerobot[dataset]==0.6.1)
  Downloading pytz-2026.3.post1-py2.py3-none-any.whl.metadata (22 kB)
Collecting tzdata>=2022.7 (from pandas<3.0.0,>=2.0.0->lerobot[dataset]==0.6.1)
  Downloading tzdata-2026.4-py2.py3-none-any.whl.metadata (1.4 kB)
Collecting charset_normalizer<4,>=2 (from requests<3.0.0,>=2.32.0->lerobot==0.6.1->lerobot[dataset]==0.6.1)
  Downloading charset_normalizer-3.5.1-cp312-cp312-manylinux2014_x86_64.manylinux_2_17_x86_64.manylinux_2_28_x86_64.whl.metadata (45 kB)
Collecting idna<4,>=2.5 (from requests<3.0.0,>=2.32.0->lerobot==0.6.1->lerobot[dataset]==0.6.1)
  Downloading idna-3.20-py3-none-any.whl.metadata (7.2 kB)
Collecting urllib3<3,>=1.26 (from requests<3.0.0,>=2.32.0->lerobot==0.6.1->lerobot[dataset]==0.6.1)
  Downloading urllib3-2.8.0-py3-none-any.whl.metadata (7.4 kB)
Collecting certifi>=2023.5.7 (from requests<3.0.0,>=2.32.0->lerobot==0.6.1->lerobot[dataset]==0.6.1)
  Downloading certifi-2026.7.22-py3-none-any.whl.metadata (2.5 kB)
Collecting sympy>=1.13.3 (from torch<2.12.0,>=2.7->lerobot==0.6.1->lerobot[dataset]==0.6.1)
  Downloading sympy-1.14.0-py3-none-any.whl.metadata (12 kB)
Collecting networkx>=2.5.1 (from torch<2.12.0,>=2.7->lerobot==0.6.1->lerobot[dataset]==0.6.1)
  Downloading networkx-3.7-py3-none-any.whl.metadata (6.7 kB)
Collecting jinja2 (from torch<2.12.0,>=2.7->lerobot==0.6.1->lerobot[dataset]==0.6.1)
  Downloading https://download.pytorch.org/whl/jinja2-3.1.6-py3-none-any.whl.metadata (2.9 kB)
Collecting av<16.0.0,>=15.0.0 (from lerobot==0.6.1->lerobot[dataset]==0.6.1)
  Downloading av-15.1.0-cp312-cp312-manylinux_2_28_x86_64.whl.metadata (4.6 kB)
Collecting aiohttp!=4.0.0a0,!=4.0.0a1 (from fsspec[http]<=2026.2.0,>=2023.1.0->datasets<5.0.0,>=4.8.0->lerobot[dataset]==0.6.1)
  Downloading aiohttp-3.14.3-cp312-cp312-manylinux2014_x86_64.manylinux_2_17_x86_64.manylinux_2_28_x86_64.whl.metadata (8.3 kB)
Collecting anyio (from httpx<1.0.0->datasets<5.0.0,>=4.8.0->lerobot[dataset]==0.6.1)
  Downloading anyio-4.15.1-py3-none-any.whl.metadata (4.7 kB)
Collecting httpcore==1.* (from httpx<1.0.0->datasets<5.0.0,>=4.8.0->lerobot[dataset]==0.6.1)
  Downloading httpcore-1.0.9-py3-none-any.whl.metadata (21 kB)
Collecting h11>=0.16 (from httpcore==1.*->httpx<1.0.0->datasets<5.0.0,>=4.8.0->lerobot[dataset]==0.6.1)
  Downloading h11-0.16.0-py3-none-any.whl.metadata (8.3 kB)
Collecting six>=1.5 (from python-dateutil>=2.8.2->pandas<3.0.0,>=2.0.0->lerobot[dataset]==0.6.1)
  Downloading six-1.17.0-py2.py3-none-any.whl.metadata (1.7 kB)
Collecting mpmath<1.4,>=1.1.0 (from sympy>=1.13.3->torch<2.12.0,>=2.7->lerobot==0.6.1->lerobot[dataset]==0.6.1)
  Downloading mpmath-1.3.0-py3-none-any.whl.metadata (8.6 kB)
Collecting mypy-extensions>=0.3.0 (from typing-inspect~=0.9.0->draccus<0.12.0,>=0.11.6->lerobot==0.6.1->lerobot[dataset]==0.6.1)
  Downloading mypy_extensions-1.1.0-py3-none-any.whl.metadata (1.1 kB)
Collecting MarkupSafe>=2.0 (from jinja2->torch<2.12.0,>=2.7->lerobot==0.6.1->lerobot[dataset]==0.6.1)
  Downloading https://download.pytorch.org/whl/markupsafe-3.0.3-cp312-cp312-manylinux2014_x86_64.manylinux_2_17_x86_64.manylinux_2_28_x86_64.whl.metadata (2.7 kB)
Collecting aiohappyeyeballs>=2.5.0 (from aiohttp!=4.0.0a0,!=4.0.0a1->fsspec[http]<=2026.2.0,>=2023.1.0->datasets<5.0.0,>=4.8.0->lerobot[dataset]==0.6.1)
  Downloading aiohappyeyeballs-2.7.1-py3-none-any.whl.metadata (5.9 kB)
Collecting aiosignal>=1.4.0 (from aiohttp!=4.0.0a0,!=4.0.0a1->fsspec[http]<=2026.2.0,>=2023.1.0->datasets<5.0.0,>=4.8.0->lerobot[dataset]==0.6.1)
  Downloading aiosignal-1.4.0-py3-none-any.whl.metadata (3.7 kB)
Collecting frozenlist>=1.1.1 (from aiohttp!=4.0.0a0,!=4.0.0a1->fsspec[http]<=2026.2.0,>=2023.1.0->datasets<5.0.0,>=4.8.0->lerobot[dataset]==0.6.1)
  Downloading frozenlist-1.8.0-cp312-cp312-manylinux1_x86_64.manylinux_2_28_x86_64.manylinux_2_5_x86_64.whl.metadata (20 kB)
Collecting multidict<7.0,>=4.5 (from aiohttp!=4.0.0a0,!=4.0.0a1->fsspec[http]<=2026.2.0,>=2023.1.0->datasets<5.0.0,>=4.8.0->lerobot[dataset]==0.6.1)
  Downloading multidict-6.9.1-cp312-cp312-manylinux2014_x86_64.manylinux_2_17_x86_64.manylinux_2_28_x86_64.whl.metadata (5.3 kB)
Collecting propcache>=0.2.0 (from aiohttp!=4.0.0a0,!=4.0.0a1->fsspec[http]<=2026.2.0,>=2023.1.0->datasets<5.0.0,>=4.8.0->lerobot[dataset]==0.6.1)
  Downloading propcache-0.5.4-cp312-cp312-manylinux2014_x86_64.manylinux_2_17_x86_64.manylinux_2_28_x86_64.whl.metadata (25 kB)
Collecting yarl<2.0,>=1.17.0 (from aiohttp!=4.0.0a0,!=4.0.0a1->fsspec[http]<=2026.2.0,>=2023.1.0->datasets<5.0.0,>=4.8.0->lerobot[dataset]==0.6.1)
  Downloading yarl-1.25.1-cp312-cp312-manylinux2014_x86_64.manylinux_2_17_x86_64.manylinux_2_28_x86_64.whl.metadata (111 kB)
Downloading lerobot-0.6.1-py3-none-any.whl (1.7 MB)
   ━━━━━━━━━━━━━━━━━━━━━━━━━━━━━━━━━━━━━━━━ 1.7/1.7 MB 1.6 MB/s eta 0:00:00
Downloading cmake-4.1.3-py3-none-manylinux2014_x86_64.manylinux_2_17_x86_64.whl (29.7 MB)
   ━━━━━━━━━━━━━━━━━━━━━━━━━━━━━━━━━━━━━━━━ 29.7/29.7 MB 5.2 MB/s eta 0:00:00
Downloading datasets-4.8.5-py3-none-any.whl (528 kB)
   ━━━━━━━━━━━━━━━━━━━━━━━━━━━━━━━━━━━━━━━━ 529.0/529.0 kB 15.4 MB/s eta 0:00:00
Downloading draccus-0.11.6-py3-none-any.whl (85 kB)
Downloading einops-0.8.2-py3-none-any.whl (65 kB)
Downloading gymnasium-1.3.0-py3-none-any.whl (953 kB)
   ━━━━━━━━━━━━━━━━━━━━━━━━━━━━━━━━━━━━━━━━ 953.9/953.9 kB 7.9 MB/s eta 0:00:00
Downloading huggingface_hub-1.32.0-py3-none-any.whl (842 kB)
   ━━━━━━━━━━━━━━━━━━━━━━━━━━━━━━━━━━━━━━━━ 842.9/842.9 kB 14.6 MB/s eta 0:00:00
Downloading jsonlines-4.0.0-py3-none-any.whl (8.7 kB)
Downloading numpy-2.2.6-cp312-cp312-manylinux_2_17_x86_64.manylinux2014_x86_64.whl (16.5 MB)
   ━━━━━━━━━━━━━━━━━━━━━━━━━━━━━━━━━━━━━━━━ 16.5/16.5 MB 15.0 MB/s eta 0:00:00
Downloading opencv_python_headless-4.13.0.92-cp37-abi3-manylinux_2_28_x86_64.whl (60.4 MB)
   ━━━━━━━━━━━━━━━━━━━━━━━━━━━━━━━━━━━━━━━━ 60.4/60.4 MB 15.6 MB/s eta 0:00:00
Downloading packaging-25.0-py3-none-any.whl (66 kB)
Downloading pandas-2.3.3-cp312-cp312-manylinux_2_24_x86_64.manylinux_2_28_x86_64.whl (12.4 MB)
   ━━━━━━━━━━━━━━━━━━━━━━━━━━━━━━━━━━━━━━━━ 12.4/12.4 MB 25.4 MB/s eta 0:00:00
Downloading pillow-12.3.0-cp312-cp312-manylinux_2_27_x86_64.manylinux_2_28_x86_64.whl (6.9 MB)
   ━━━━━━━━━━━━━━━━━━━━━━━━━━━━━━━━━━━━━━━━ 6.9/6.9 MB 22.9 MB/s eta 0:00:00
Downloading pyarrow-25.0.1-cp312-cp312-manylinux_2_28_x86_64.whl (50.1 MB)
   ━━━━━━━━━━━━━━━━━━━━━━━━━━━━━━━━━━━━━━━━ 50.1/50.1 MB 22.0 MB/s eta 0:00:00
Downloading requests-2.34.2-py3-none-any.whl (73 kB)
Downloading safetensors-0.8.0-cp310-abi3-manylinux_2_17_x86_64.manylinux2014_x86_64.whl (516 kB)
Downloading setuptools-81.0.0-py3-none-any.whl (1.1 MB)
   ━━━━━━━━━━━━━━━━━━━━━━━━━━━━━━━━━━━━━━━━ 1.1/1.1 MB 31.8 MB/s eta 0:00:00
Downloading termcolor-3.3.0-py3-none-any.whl (7.7 kB)
Downloading https://download-r2.pytorch.org/whl/cpu/torch-2.11.0%2Bcpu-cp312-cp312-manylinux_2_28_x86_64.whl (190.3 MB)
   ━━━━━━━━━━━━━━━━━━━━━━━━━━━━━━━━━━━━━━━━ 190.3/190.3 MB 2.9 MB/s eta 0:00:00
Downloading https://download.pytorch.org/whl/cpu/torchcodec-0.11.1%2Bcpu-cp312-cp312-manylinux_2_28_x86_64.whl (2.3 MB)
   ━━━━━━━━━━━━━━━━━━━━━━━━━━━━━━━━━━━━━━━━ 2.3/2.3 MB 3.3 MB/s eta 0:00:00
Downloading https://download-r2.pytorch.org/whl/cpu/torchvision-0.26.0%2Bcpu-cp312-cp312-manylinux_2_28_x86_64.whl (1.9 MB)
   ━━━━━━━━━━━━━━━━━━━━━━━━━━━━━━━━━━━━━━━━ 1.9/1.9 MB 3.3 MB/s eta 0:00:00
Downloading tqdm-4.70.1-py3-none-any.whl (80 kB)
Downloading attrs-26.1.0-py3-none-any.whl (67 kB)
Downloading av-15.1.0-cp312-cp312-manylinux_2_28_x86_64.whl (39.9 MB)
   ━━━━━━━━━━━━━━━━━━━━━━━━━━━━━━━━━━━━━━━━ 39.9/39.9 MB 14.6 MB/s eta 0:00:00
Downloading certifi-2026.7.22-py3-none-any.whl (136 kB)
Downloading charset_normalizer-3.5.1-cp312-cp312-manylinux2014_x86_64.manylinux_2_17_x86_64.manylinux_2_28_x86_64.whl (248 kB)
Downloading click-8.5.0-py3-none-any.whl (125 kB)
Downloading cloudpickle-3.1.2-py3-none-any.whl (22 kB)
Downloading dill-0.4.1-py3-none-any.whl (120 kB)
Downloading farama_notifications-0.0.6-py3-none-any.whl (2.9 kB)
Downloading filelock-4.0.1-py3-none-any.whl (106 kB)
Downloading fsspec-2026.2.0-py3-none-any.whl (202 kB)
Downloading hf_xet-1.6.0-cp38-abi3-manylinux2014_x86_64.manylinux_2_17_x86_64.whl (4.5 MB)
   ━━━━━━━━━━━━━━━━━━━━━━━━━━━━━━━━━━━━━━━━ 4.5/4.5 MB 18.3 MB/s eta 0:00:00
Downloading httpx-0.28.1-py3-none-any.whl (73 kB)
Downloading httpcore-1.0.9-py3-none-any.whl (78 kB)
Downloading idna-3.20-py3-none-any.whl (69 kB)
Downloading mergedeep-1.3.4-py3-none-any.whl (6.4 kB)
Downloading multiprocess-0.70.19-py312-none-any.whl (150 kB)
Downloading networkx-3.7-py3-none-any.whl (2.1 MB)
   ━━━━━━━━━━━━━━━━━━━━━━━━━━━━━━━━━━━━━━━━ 2.1/2.1 MB 20.5 MB/s eta 0:00:00
Downloading python_dateutil-2.9.0.post0-py2.py3-none-any.whl (229 kB)
Downloading pytz-2026.3.post1-py2.py3-none-any.whl (508 kB)
Downloading pyyaml-6.0.3-cp312-cp312-manylinux2014_x86_64.manylinux_2_17_x86_64.manylinux_2_28_x86_64.whl (807 kB)
   ━━━━━━━━━━━━━━━━━━━━━━━━━━━━━━━━━━━━━━━━ 807.9/807.9 kB 36.3 MB/s eta 0:00:00
Downloading sympy-1.14.0-py3-none-any.whl (6.3 MB)
   ━━━━━━━━━━━━━━━━━━━━━━━━━━━━━━━━━━━━━━━━ 6.3/6.3 MB 16.5 MB/s eta 0:00:00
Downloading toml-0.10.2-py2.py3-none-any.whl (16 kB)
Downloading typing_extensions-4.16.0-py3-none-any.whl (45 kB)
Downloading tzdata-2026.4-py2.py3-none-any.whl (347 kB)
Downloading urllib3-2.8.0-py3-none-any.whl (135 kB)
Downloading https://download.pytorch.org/whl/jinja2-3.1.6-py3-none-any.whl (134 kB)
Downloading xxhash-4.0.1-cp312-cp312-manylinux2014_x86_64.manylinux_2_17_x86_64.manylinux_2_28_x86_64.whl (261 kB)
Downloading aiohttp-3.14.3-cp312-cp312-manylinux2014_x86_64.manylinux_2_17_x86_64.manylinux_2_28_x86_64.whl (1.8 MB)
   ━━━━━━━━━━━━━━━━━━━━━━━━━━━━━━━━━━━━━━━━ 1.8/1.8 MB 25.8 MB/s eta 0:00:00
Downloading https://download.pytorch.org/whl/markupsafe-3.0.3-cp312-cp312-manylinux2014_x86_64.manylinux_2_17_x86_64.manylinux_2_28_x86_64.whl (22 kB)
Downloading mpmath-1.3.0-py3-none-any.whl (536 kB)
   ━━━━━━━━━━━━━━━━━━━━━━━━━━━━━━━━━━━━━━━━ 536.2/536.2 kB 9.3 MB/s eta 0:00:00
Downloading mypy_extensions-1.1.0-py3-none-any.whl (5.0 kB)
Downloading six-1.17.0-py2.py3-none-any.whl (11 kB)
Downloading anyio-4.15.1-py3-none-any.whl (132 kB)
Downloading aiohappyeyeballs-2.7.1-py3-none-any.whl (15 kB)
Downloading aiosignal-1.4.0-py3-none-any.whl (7.5 kB)
Downloading frozenlist-1.8.0-cp312-cp312-manylinux1_x86_64.manylinux_2_28_x86_64.manylinux_2_5_x86_64.whl (242 kB)
Downloading h11-0.16.0-py3-none-any.whl (37 kB)
Downloading multidict-6.9.1-cp312-cp312-manylinux2014_x86_64.manylinux_2_17_x86_64.manylinux_2_28_x86_64.whl (336 kB)
Downloading propcache-0.5.4-cp312-cp312-manylinux2014_x86_64.manylinux_2_17_x86_64.manylinux_2_28_x86_64.whl (250 kB)
Downloading yarl-1.25.1-cp312-cp312-manylinux2014_x86_64.manylinux_2_17_x86_64.manylinux_2_28_x86_64.whl (117 kB)
Installing collected packages: pytz, mpmath, farama-notifications, xxhash, urllib3, tzdata, typing-extensions, tqdm, torchcodec, toml, termcolor, sympy, six, setuptools, safetensors, pyyaml, pyarrow, propcache, Pillow, packaging, numpy, networkx, mypy-extensions, multidict, mergedeep, MarkupSafe, idna, hf-xet, h11, fsspec, frozenlist, filelock, einops, dill, cmake, cloudpickle, click, charset_normalizer, certifi, av, attrs, aiohappyeyeballs, yarl, typing-inspect, requests, python-dateutil, opencv-python-headless, multiprocess, jsonlines, jinja2, httpcore, gymnasium, anyio, aiosignal, torch, pandas, httpx, draccus, aiohttp, torchvision, huggingface-hub, lerobot, datasets
Successfully installed MarkupSafe-3.0.3 Pillow-12.3.0 aiohappyeyeballs-2.7.1 aiohttp-3.14.3 aiosignal-1.4.0 anyio-4.15.1 attrs-26.1.0 av-15.1.0 certifi-2026.7.22 charset_normalizer-3.5.1 click-8.5.0 cloudpickle-3.1.2 cmake-4.1.3 datasets-4.8.5 dill-0.4.1 draccus-0.11.6 einops-0.8.2 farama-notifications-0.0.6 filelock-4.0.1 frozenlist-1.8.0 fsspec-2026.2.0 gymnasium-1.3.0 h11-0.16.0 hf-xet-1.6.0 httpcore-1.0.9 httpx-0.28.1 huggingface-hub-1.32.0 idna-3.20 jinja2-3.1.6 jsonlines-4.0.0 lerobot-0.6.1 mergedeep-1.3.4 mpmath-1.3.0 multidict-6.9.1 multiprocess-0.70.19 mypy-extensions-1.1.0 networkx-3.7 numpy-2.2.6 opencv-python-headless-4.13.0.92 packaging-25.0 pandas-2.3.3 propcache-0.5.4 pyarrow-25.0.1 python-dateutil-2.9.0.post0 pytz-2026.3.post1 pyyaml-6.0.3 requests-2.34.2 safetensors-0.8.0 setuptools-81.0.0 six-1.17.0 sympy-1.14.0 termcolor-3.3.0 toml-0.10.2 torch-2.11.0+cpu torchcodec-0.11.1+cpu torchvision-0.26.0+cpu tqdm-4.70.1 typing-extensions-4.16.0 typing-inspect-0.9.0 tzdata-2026.4 urllib3-2.8.0 xxhash-4.0.1 yarl-1.25.1

[notice] A new release of pip is available: 24.3.1 -> 26.2.1
[notice] To update, run: python3.12 -m pip install --upgrade pip
